Copyright 1986-2022 Xilinx, Inc. All Rights Reserved. Copyright 2022-2023 Advanced Micro Devices, Inc. All Rights Reserved.
-----------------------------------------------------------------------------------------------------------------------------------------------------------
| Tool Version : Vivado v.2023.2 (win64) Build 4029153 Fri Oct 13 20:14:34 MDT 2023
| Date         : Mon May 19 00:03:33 2025
| Host         : Garretts-Surface-Book-3 running 64-bit major release  (build 9200)
| Command      : report_methodology -file SH2_CPU_methodology_drc_routed.rpt -pb SH2_CPU_methodology_drc_routed.pb -rpx SH2_CPU_methodology_drc_routed.rpx
| Design       : SH2_CPU
| Device       : xc7a25tcpg238-1
| Speed File   : -1
| Design State : Fully Routed
-----------------------------------------------------------------------------------------------------------------------------------------------------------

Report Methodology

Table of Contents
-----------------
1. REPORT SUMMARY
2. REPORT DETAILS

1. REPORT SUMMARY
-----------------
            Netlist: netlist
          Floorplan: design_1
      Design limits: <entire design considered>
             Max violations: <unlimited>
             Violations found: 253
+-----------+----------+-------------------------------+------------+
| Rule      | Severity | Description                   | Violations |
+-----------+----------+-------------------------------+------------+
| TIMING-16 | Warning  | Large setup violation         | 148        |
| TIMING-18 | Warning  | Missing input or output delay | 105        |
+-----------+----------+-------------------------------+------------+

2. REPORT DETAILS
-----------------
TIMING-16#1 Warning
Large setup violation  
There is a large setup violation of -1.013 ns between SH2_CU/IR_reg[8]_replica/C (clocked by clock) and SH2_RegArray/Generic_RegArray/Registers_reg[11][25]/D (clocked by clock). Large setup violations at the end of those stages might be difficult to fix during the post-placement implementation flow and could be the result of non-optimal XDC constraints or non-optimal design architecture
Related violations: <none>

TIMING-16#2 Warning
Large setup violation  
There is a large setup violation of -1.081 ns between SH2_CU/IR_reg[12]/C (clocked by clock) and SH2_RegArray/Generic_RegArray/Registers_reg[15][25]/D (clocked by clock). Large setup violations at the end of those stages might be difficult to fix during the post-placement implementation flow and could be the result of non-optimal XDC constraints or non-optimal design architecture
Related violations: <none>

TIMING-16#3 Warning
Large setup violation  
There is a large setup violation of -1.090 ns between SH2_CU/IR_reg[8]_replica/C (clocked by clock) and SH2_RegArray/Generic_RegArray/Registers_reg[6][23]/D (clocked by clock). Large setup violations at the end of those stages might be difficult to fix during the post-placement implementation flow and could be the result of non-optimal XDC constraints or non-optimal design architecture
Related violations: <none>

TIMING-16#4 Warning
Large setup violation  
There is a large setup violation of -1.093 ns between SH2_CU/IR_reg[8]_replica/C (clocked by clock) and SH2_CU/TempReg2_reg[26]/D (clocked by clock). Large setup violations at the end of those stages might be difficult to fix during the post-placement implementation flow and could be the result of non-optimal XDC constraints or non-optimal design architecture
Related violations: <none>

TIMING-16#5 Warning
Large setup violation  
There is a large setup violation of -1.093 ns between SH2_CU/IR_reg[8]_replica/C (clocked by clock) and SH2_RegArray/Generic_RegArray/Registers_reg[11][24]/D (clocked by clock). Large setup violations at the end of those stages might be difficult to fix during the post-placement implementation flow and could be the result of non-optimal XDC constraints or non-optimal design architecture
Related violations: <none>

TIMING-16#6 Warning
Large setup violation  
There is a large setup violation of -1.110 ns between SH2_CU/IR_reg[8]_replica/C (clocked by clock) and SH2_RegArray/Generic_RegArray/Registers_reg[3][25]/D (clocked by clock). Large setup violations at the end of those stages might be difficult to fix during the post-placement implementation flow and could be the result of non-optimal XDC constraints or non-optimal design architecture
Related violations: <none>

TIMING-16#7 Warning
Large setup violation  
There is a large setup violation of -1.153 ns between SH2_CU/IR_reg[8]_replica/C (clocked by clock) and SH2_RegArray/Generic_RegArray/Registers_reg[10][25]/D (clocked by clock). Large setup violations at the end of those stages might be difficult to fix during the post-placement implementation flow and could be the result of non-optimal XDC constraints or non-optimal design architecture
Related violations: <none>

TIMING-16#8 Warning
Large setup violation  
There is a large setup violation of -1.157 ns between SH2_CU/IR_reg[8]_replica/C (clocked by clock) and SH2_RegArray/Generic_RegArray/Registers_reg[8][23]/D (clocked by clock). Large setup violations at the end of those stages might be difficult to fix during the post-placement implementation flow and could be the result of non-optimal XDC constraints or non-optimal design architecture
Related violations: <none>

TIMING-16#9 Warning
Large setup violation  
There is a large setup violation of -1.234 ns between SH2_CU/IR_reg[8]_replica/C (clocked by clock) and SH2_RegArray/Generic_RegArray/Registers_reg[0][25]/D (clocked by clock). Large setup violations at the end of those stages might be difficult to fix during the post-placement implementation flow and could be the result of non-optimal XDC constraints or non-optimal design architecture
Related violations: <none>

TIMING-16#10 Warning
Large setup violation  
There is a large setup violation of -1.241 ns between SH2_CU/IR_reg[8]_replica/C (clocked by clock) and SH2_RegArray/Generic_RegArray/Registers_reg[15][23]/D (clocked by clock). Large setup violations at the end of those stages might be difficult to fix during the post-placement implementation flow and could be the result of non-optimal XDC constraints or non-optimal design architecture
Related violations: <none>

TIMING-16#11 Warning
Large setup violation  
There is a large setup violation of -1.242 ns between SH2_CU/IR_reg[8]_replica/C (clocked by clock) and SH2_RegArray/Generic_RegArray/Registers_reg[1][25]/D (clocked by clock). Large setup violations at the end of those stages might be difficult to fix during the post-placement implementation flow and could be the result of non-optimal XDC constraints or non-optimal design architecture
Related violations: <none>

TIMING-16#12 Warning
Large setup violation  
There is a large setup violation of -1.251 ns between SH2_CU/IR_reg[8]_replica/C (clocked by clock) and SH2_RegArray/Generic_RegArray/Registers_reg[2][23]/D (clocked by clock). Large setup violations at the end of those stages might be difficult to fix during the post-placement implementation flow and could be the result of non-optimal XDC constraints or non-optimal design architecture
Related violations: <none>

TIMING-16#13 Warning
Large setup violation  
There is a large setup violation of -1.254 ns between SH2_CU/IR_reg[8]_replica/C (clocked by clock) and SH2_RegArray/Generic_RegArray/Registers_reg[0][26]/D (clocked by clock). Large setup violations at the end of those stages might be difficult to fix during the post-placement implementation flow and could be the result of non-optimal XDC constraints or non-optimal design architecture
Related violations: <none>

TIMING-16#14 Warning
Large setup violation  
There is a large setup violation of -1.265 ns between SH2_CU/IR_reg[8]_replica/C (clocked by clock) and SH2_RegArray/Generic_RegArray/Registers_reg[14][23]/D (clocked by clock). Large setup violations at the end of those stages might be difficult to fix during the post-placement implementation flow and could be the result of non-optimal XDC constraints or non-optimal design architecture
Related violations: <none>

TIMING-16#15 Warning
Large setup violation  
There is a large setup violation of -1.270 ns between SH2_CU/IR_reg[8]_replica/C (clocked by clock) and SH2_CU/TempReg_reg[24]/D (clocked by clock). Large setup violations at the end of those stages might be difficult to fix during the post-placement implementation flow and could be the result of non-optimal XDC constraints or non-optimal design architecture
Related violations: <none>

TIMING-16#16 Warning
Large setup violation  
There is a large setup violation of -1.300 ns between SH2_CU/IR_reg[8]_replica/C (clocked by clock) and SH2_CU/TempReg_reg[25]/D (clocked by clock). Large setup violations at the end of those stages might be difficult to fix during the post-placement implementation flow and could be the result of non-optimal XDC constraints or non-optimal design architecture
Related violations: <none>

TIMING-16#17 Warning
Large setup violation  
There is a large setup violation of -1.323 ns between SH2_CU/IR_reg[8]_replica/C (clocked by clock) and SH2_RegArray/Generic_RegArray/Registers_reg[10][26]/D (clocked by clock). Large setup violations at the end of those stages might be difficult to fix during the post-placement implementation flow and could be the result of non-optimal XDC constraints or non-optimal design architecture
Related violations: <none>

TIMING-16#18 Warning
Large setup violation  
There is a large setup violation of -1.329 ns between SH2_CU/IR_reg[8]_replica/C (clocked by clock) and SH2_RegArray/Generic_RegArray/Registers_reg[4][23]/D (clocked by clock). Large setup violations at the end of those stages might be difficult to fix during the post-placement implementation flow and could be the result of non-optimal XDC constraints or non-optimal design architecture
Related violations: <none>

TIMING-16#19 Warning
Large setup violation  
There is a large setup violation of -1.345 ns between SH2_CU/IR_reg[8]_replica/C (clocked by clock) and SH2_RegArray/Generic_RegArray/Registers_reg[14][24]/D (clocked by clock). Large setup violations at the end of those stages might be difficult to fix during the post-placement implementation flow and could be the result of non-optimal XDC constraints or non-optimal design architecture
Related violations: <none>

TIMING-16#20 Warning
Large setup violation  
There is a large setup violation of -1.357 ns between SH2_CU/IR_reg[8]_replica/C (clocked by clock) and SH2_RegArray/Generic_RegArray/Registers_reg[2][26]/D (clocked by clock). Large setup violations at the end of those stages might be difficult to fix during the post-placement implementation flow and could be the result of non-optimal XDC constraints or non-optimal design architecture
Related violations: <none>

TIMING-16#21 Warning
Large setup violation  
There is a large setup violation of -1.369 ns between SH2_CU/IR_reg[8]_replica/C (clocked by clock) and SH2_RegArray/Generic_RegArray/Registers_reg[9][23]/D (clocked by clock). Large setup violations at the end of those stages might be difficult to fix during the post-placement implementation flow and could be the result of non-optimal XDC constraints or non-optimal design architecture
Related violations: <none>

TIMING-16#22 Warning
Large setup violation  
There is a large setup violation of -1.413 ns between SH2_CU/IR_reg[8]_replica/C (clocked by clock) and SH2_RegArray/Generic_RegArray/Registers_reg[8][26]/D (clocked by clock). Large setup violations at the end of those stages might be difficult to fix during the post-placement implementation flow and could be the result of non-optimal XDC constraints or non-optimal design architecture
Related violations: <none>

TIMING-16#23 Warning
Large setup violation  
There is a large setup violation of -1.472 ns between SH2_CU/IR_reg[8]_replica/C (clocked by clock) and SH2_RegArray/Generic_RegArray/Registers_reg[12][26]/D (clocked by clock). Large setup violations at the end of those stages might be difficult to fix during the post-placement implementation flow and could be the result of non-optimal XDC constraints or non-optimal design architecture
Related violations: <none>

TIMING-16#24 Warning
Large setup violation  
There is a large setup violation of -1.492 ns between SH2_CU/IR_reg[8]_replica/C (clocked by clock) and SH2_RegArray/Generic_RegArray/Registers_reg[4][24]/D (clocked by clock). Large setup violations at the end of those stages might be difficult to fix during the post-placement implementation flow and could be the result of non-optimal XDC constraints or non-optimal design architecture
Related violations: <none>

TIMING-16#25 Warning
Large setup violation  
There is a large setup violation of -1.515 ns between SH2_CU/IR_reg[8]_replica/C (clocked by clock) and SH2_RegArray/Generic_RegArray/Registers_reg[12][23]/D (clocked by clock). Large setup violations at the end of those stages might be difficult to fix during the post-placement implementation flow and could be the result of non-optimal XDC constraints or non-optimal design architecture
Related violations: <none>

TIMING-16#26 Warning
Large setup violation  
There is a large setup violation of -1.550 ns between SH2_CU/IR_reg[8]_replica/C (clocked by clock) and SH2_RegArray/Generic_RegArray/Registers_reg[14][26]/D (clocked by clock). Large setup violations at the end of those stages might be difficult to fix during the post-placement implementation flow and could be the result of non-optimal XDC constraints or non-optimal design architecture
Related violations: <none>

TIMING-16#27 Warning
Large setup violation  
There is a large setup violation of -1.550 ns between SH2_CU/IR_reg[8]_replica/C (clocked by clock) and SH2_RegArray/Generic_RegArray/Registers_reg[4][26]/D (clocked by clock). Large setup violations at the end of those stages might be difficult to fix during the post-placement implementation flow and could be the result of non-optimal XDC constraints or non-optimal design architecture
Related violations: <none>

TIMING-16#28 Warning
Large setup violation  
There is a large setup violation of -1.556 ns between SH2_CU/IR_reg[8]_replica/C (clocked by clock) and SH2_RegArray/Generic_RegArray/Registers_reg[6][24]/D (clocked by clock). Large setup violations at the end of those stages might be difficult to fix during the post-placement implementation flow and could be the result of non-optimal XDC constraints or non-optimal design architecture
Related violations: <none>

TIMING-16#29 Warning
Large setup violation  
There is a large setup violation of -1.568 ns between SH2_CU/IR_reg[8]_replica/C (clocked by clock) and SH2_RegArray/Generic_RegArray/Registers_reg[6][26]/D (clocked by clock). Large setup violations at the end of those stages might be difficult to fix during the post-placement implementation flow and could be the result of non-optimal XDC constraints or non-optimal design architecture
Related violations: <none>

TIMING-16#30 Warning
Large setup violation  
There is a large setup violation of -1.570 ns between SH2_CU/IR_reg[8]_replica/C (clocked by clock) and SH2_RegArray/Generic_RegArray/Registers_reg[8][24]/D (clocked by clock). Large setup violations at the end of those stages might be difficult to fix during the post-placement implementation flow and could be the result of non-optimal XDC constraints or non-optimal design architecture
Related violations: <none>

TIMING-16#31 Warning
Large setup violation  
There is a large setup violation of -1.623 ns between SH2_CU/IR_reg[8]_replica/C (clocked by clock) and SH2_RegArray/Generic_RegArray/Registers_reg[6][25]/D (clocked by clock). Large setup violations at the end of those stages might be difficult to fix during the post-placement implementation flow and could be the result of non-optimal XDC constraints or non-optimal design architecture
Related violations: <none>

TIMING-16#32 Warning
Large setup violation  
There is a large setup violation of -1.641 ns between SH2_CU/IR_reg[12]/C (clocked by clock) and SH2_RegArray/Generic_RegArray/Registers_reg[14][25]/D (clocked by clock). Large setup violations at the end of those stages might be difficult to fix during the post-placement implementation flow and could be the result of non-optimal XDC constraints or non-optimal design architecture
Related violations: <none>

TIMING-16#33 Warning
Large setup violation  
There is a large setup violation of -1.653 ns between SH2_CU/IR_reg[8]_replica/C (clocked by clock) and SH2_RegArray/Generic_RegArray/Registers_reg[2][24]/D (clocked by clock). Large setup violations at the end of those stages might be difficult to fix during the post-placement implementation flow and could be the result of non-optimal XDC constraints or non-optimal design architecture
Related violations: <none>

TIMING-16#34 Warning
Large setup violation  
There is a large setup violation of -1.704 ns between SH2_CU/IR_reg[8]_replica/C (clocked by clock) and SH2_RegArray/Generic_RegArray/Registers_reg[12][24]/D (clocked by clock). Large setup violations at the end of those stages might be difficult to fix during the post-placement implementation flow and could be the result of non-optimal XDC constraints or non-optimal design architecture
Related violations: <none>

TIMING-16#35 Warning
Large setup violation  
There is a large setup violation of -1.716 ns between SH2_CU/IR_reg[8]_replica/C (clocked by clock) and SH2_RegArray/Generic_RegArray/Registers_reg[8][25]/D (clocked by clock). Large setup violations at the end of those stages might be difficult to fix during the post-placement implementation flow and could be the result of non-optimal XDC constraints or non-optimal design architecture
Related violations: <none>

TIMING-16#36 Warning
Large setup violation  
There is a large setup violation of -1.725 ns between SH2_CU/IR_reg[8]_replica/C (clocked by clock) and SH2_RegArray/Generic_RegArray/Registers_reg[1][26]/D (clocked by clock). Large setup violations at the end of those stages might be difficult to fix during the post-placement implementation flow and could be the result of non-optimal XDC constraints or non-optimal design architecture
Related violations: <none>

TIMING-16#37 Warning
Large setup violation  
There is a large setup violation of -1.735 ns between SH2_CU/IR_reg[8]_replica/C (clocked by clock) and SH2_RegArray/Generic_RegArray/Registers_reg[9][24]/D (clocked by clock). Large setup violations at the end of those stages might be difficult to fix during the post-placement implementation flow and could be the result of non-optimal XDC constraints or non-optimal design architecture
Related violations: <none>

TIMING-16#38 Warning
Large setup violation  
There is a large setup violation of -1.788 ns between SH2_CU/IR_reg[8]_replica/C (clocked by clock) and SH2_RegArray/Generic_RegArray/Registers_reg[12][25]/D (clocked by clock). Large setup violations at the end of those stages might be difficult to fix during the post-placement implementation flow and could be the result of non-optimal XDC constraints or non-optimal design architecture
Related violations: <none>

TIMING-16#39 Warning
Large setup violation  
There is a large setup violation of -1.861 ns between SH2_CU/IR_reg[8]_replica/C (clocked by clock) and SH2_RegArray/Generic_RegArray/Registers_reg[2][25]/D (clocked by clock). Large setup violations at the end of those stages might be difficult to fix during the post-placement implementation flow and could be the result of non-optimal XDC constraints or non-optimal design architecture
Related violations: <none>

TIMING-16#40 Warning
Large setup violation  
There is a large setup violation of -1.961 ns between SH2_CU/IR_reg[8]_replica/C (clocked by clock) and SH2_RegArray/Generic_RegArray/Registers_reg[4][25]/D (clocked by clock). Large setup violations at the end of those stages might be difficult to fix during the post-placement implementation flow and could be the result of non-optimal XDC constraints or non-optimal design architecture
Related violations: <none>

TIMING-16#41 Warning
Large setup violation  
There is a large setup violation of -1.976 ns between SH2_CU/IR_reg[8]_replica/C (clocked by clock) and SH2_RegArray/Generic_RegArray/Registers_reg[15][27]/D (clocked by clock). Large setup violations at the end of those stages might be difficult to fix during the post-placement implementation flow and could be the result of non-optimal XDC constraints or non-optimal design architecture
Related violations: <none>

TIMING-16#42 Warning
Large setup violation  
There is a large setup violation of -1.985 ns between SH2_CU/IR_reg[8]_replica/C (clocked by clock) and SH2_CU/TempReg2_reg[27]/D (clocked by clock). Large setup violations at the end of those stages might be difficult to fix during the post-placement implementation flow and could be the result of non-optimal XDC constraints or non-optimal design architecture
Related violations: <none>

TIMING-16#43 Warning
Large setup violation  
There is a large setup violation of -1.993 ns between SH2_CU/IR_reg[8]_replica/C (clocked by clock) and SH2_RegArray/Generic_RegArray/Registers_reg[13][27]/D (clocked by clock). Large setup violations at the end of those stages might be difficult to fix during the post-placement implementation flow and could be the result of non-optimal XDC constraints or non-optimal design architecture
Related violations: <none>

TIMING-16#44 Warning
Large setup violation  
There is a large setup violation of -1.996 ns between SH2_CU/IR_reg[8]_replica/C (clocked by clock) and SH2_RegArray/Generic_RegArray/Registers_reg[15][26]/D (clocked by clock). Large setup violations at the end of those stages might be difficult to fix during the post-placement implementation flow and could be the result of non-optimal XDC constraints or non-optimal design architecture
Related violations: <none>

TIMING-16#45 Warning
Large setup violation  
There is a large setup violation of -2.058 ns between SH2_CU/IR_reg[8]_replica/C (clocked by clock) and SH2_RegArray/Generic_RegArray/Registers_reg[0][27]/D (clocked by clock). Large setup violations at the end of those stages might be difficult to fix during the post-placement implementation flow and could be the result of non-optimal XDC constraints or non-optimal design architecture
Related violations: <none>

TIMING-16#46 Warning
Large setup violation  
There is a large setup violation of -2.078 ns between SH2_CU/IR_reg[8]_replica/C (clocked by clock) and SH2_RegArray/Generic_RegArray/Registers_reg[9][25]/D (clocked by clock). Large setup violations at the end of those stages might be difficult to fix during the post-placement implementation flow and could be the result of non-optimal XDC constraints or non-optimal design architecture
Related violations: <none>

TIMING-16#47 Warning
Large setup violation  
There is a large setup violation of -2.107 ns between SH2_CU/IR_reg[8]_replica/C (clocked by clock) and SH2_CU/TempReg_reg[26]/D (clocked by clock). Large setup violations at the end of those stages might be difficult to fix during the post-placement implementation flow and could be the result of non-optimal XDC constraints or non-optimal design architecture
Related violations: <none>

TIMING-16#48 Warning
Large setup violation  
There is a large setup violation of -2.153 ns between SH2_CU/IR_reg[8]_replica/C (clocked by clock) and SH2_RegArray/Generic_RegArray/Registers_reg[5][27]/D (clocked by clock). Large setup violations at the end of those stages might be difficult to fix during the post-placement implementation flow and could be the result of non-optimal XDC constraints or non-optimal design architecture
Related violations: <none>

TIMING-16#49 Warning
Large setup violation  
There is a large setup violation of -2.154 ns between SH2_CU/IR_reg[8]_replica/C (clocked by clock) and SH2_RegArray/Generic_RegArray/Registers_reg[10][27]/D (clocked by clock). Large setup violations at the end of those stages might be difficult to fix during the post-placement implementation flow and could be the result of non-optimal XDC constraints or non-optimal design architecture
Related violations: <none>

TIMING-16#50 Warning
Large setup violation  
There is a large setup violation of -2.170 ns between SH2_CU/IR_reg[8]_replica/C (clocked by clock) and SH2_RegArray/Generic_RegArray/Registers_reg[5][26]/D (clocked by clock). Large setup violations at the end of those stages might be difficult to fix during the post-placement implementation flow and could be the result of non-optimal XDC constraints or non-optimal design architecture
Related violations: <none>

TIMING-16#51 Warning
Large setup violation  
There is a large setup violation of -2.173 ns between SH2_CU/IR_reg[8]_replica/C (clocked by clock) and SH2_RegArray/Generic_RegArray/Registers_reg[7][27]/D (clocked by clock). Large setup violations at the end of those stages might be difficult to fix during the post-placement implementation flow and could be the result of non-optimal XDC constraints or non-optimal design architecture
Related violations: <none>

TIMING-16#52 Warning
Large setup violation  
There is a large setup violation of -2.176 ns between SH2_CU/IR_reg[8]_replica/C (clocked by clock) and SH2_RegArray/Generic_RegArray/Registers_reg[3][27]/D (clocked by clock). Large setup violations at the end of those stages might be difficult to fix during the post-placement implementation flow and could be the result of non-optimal XDC constraints or non-optimal design architecture
Related violations: <none>

TIMING-16#53 Warning
Large setup violation  
There is a large setup violation of -2.235 ns between SH2_CU/IR_reg[8]_replica/C (clocked by clock) and SH2_RegArray/Generic_RegArray/Registers_reg[9][26]/D (clocked by clock). Large setup violations at the end of those stages might be difficult to fix during the post-placement implementation flow and could be the result of non-optimal XDC constraints or non-optimal design architecture
Related violations: <none>

TIMING-16#54 Warning
Large setup violation  
There is a large setup violation of -2.252 ns between SH2_CU/IR_reg[8]_replica/C (clocked by clock) and SH2_RegArray/Generic_RegArray/Registers_reg[1][27]/D (clocked by clock). Large setup violations at the end of those stages might be difficult to fix during the post-placement implementation flow and could be the result of non-optimal XDC constraints or non-optimal design architecture
Related violations: <none>

TIMING-16#55 Warning
Large setup violation  
There is a large setup violation of -2.272 ns between SH2_CU/IR_reg[8]_replica/C (clocked by clock) and SH2_RegArray/Generic_RegArray/Registers_reg[3][26]/D (clocked by clock). Large setup violations at the end of those stages might be difficult to fix during the post-placement implementation flow and could be the result of non-optimal XDC constraints or non-optimal design architecture
Related violations: <none>

TIMING-16#56 Warning
Large setup violation  
There is a large setup violation of -2.281 ns between SH2_CU/IR_reg[8]_replica/C (clocked by clock) and SH2_RegArray/Generic_RegArray/Registers_reg[11][26]/D (clocked by clock). Large setup violations at the end of those stages might be difficult to fix during the post-placement implementation flow and could be the result of non-optimal XDC constraints or non-optimal design architecture
Related violations: <none>

TIMING-16#57 Warning
Large setup violation  
There is a large setup violation of -2.315 ns between SH2_CU/IR_reg[8]_replica/C (clocked by clock) and SH2_RegArray/Generic_RegArray/Registers_reg[11][27]/D (clocked by clock). Large setup violations at the end of those stages might be difficult to fix during the post-placement implementation flow and could be the result of non-optimal XDC constraints or non-optimal design architecture
Related violations: <none>

TIMING-16#58 Warning
Large setup violation  
There is a large setup violation of -2.423 ns between SH2_CU/IR_reg[8]_replica/C (clocked by clock) and SH2_RegArray/Generic_RegArray/Registers_reg[13][26]/D (clocked by clock). Large setup violations at the end of those stages might be difficult to fix during the post-placement implementation flow and could be the result of non-optimal XDC constraints or non-optimal design architecture
Related violations: <none>

TIMING-16#59 Warning
Large setup violation  
There is a large setup violation of -2.477 ns between SH2_CU/IR_reg[8]_replica/C (clocked by clock) and SH2_RegArray/Generic_RegArray/Registers_reg[7][26]/D (clocked by clock). Large setup violations at the end of those stages might be difficult to fix during the post-placement implementation flow and could be the result of non-optimal XDC constraints or non-optimal design architecture
Related violations: <none>

TIMING-16#60 Warning
Large setup violation  
There is a large setup violation of -2.562 ns between SH2_CU/IR_reg[8]_replica/C (clocked by clock) and SH2_CU/TempReg2_reg[28]/D (clocked by clock). Large setup violations at the end of those stages might be difficult to fix during the post-placement implementation flow and could be the result of non-optimal XDC constraints or non-optimal design architecture
Related violations: <none>

TIMING-16#61 Warning
Large setup violation  
There is a large setup violation of -2.571 ns between SH2_CU/IR_reg[8]_replica/C (clocked by clock) and SH2_RegArray/Generic_RegArray/Registers_reg[0][28]/D (clocked by clock). Large setup violations at the end of those stages might be difficult to fix during the post-placement implementation flow and could be the result of non-optimal XDC constraints or non-optimal design architecture
Related violations: <none>

TIMING-16#62 Warning
Large setup violation  
There is a large setup violation of -2.729 ns between SH2_CU/IR_reg[8]_replica/C (clocked by clock) and SH2_RegArray/Generic_RegArray/Registers_reg[10][28]/D (clocked by clock). Large setup violations at the end of those stages might be difficult to fix during the post-placement implementation flow and could be the result of non-optimal XDC constraints or non-optimal design architecture
Related violations: <none>

TIMING-16#63 Warning
Large setup violation  
There is a large setup violation of -2.742 ns between SH2_CU/IR_reg[8]_replica/C (clocked by clock) and SH2_RegArray/Generic_RegArray/Registers_reg[13][28]/D (clocked by clock). Large setup violations at the end of those stages might be difficult to fix during the post-placement implementation flow and could be the result of non-optimal XDC constraints or non-optimal design architecture
Related violations: <none>

TIMING-16#64 Warning
Large setup violation  
There is a large setup violation of -2.753 ns between SH2_CU/IR_reg[8]_replica/C (clocked by clock) and SH2_RegArray/Generic_RegArray/Registers_reg[14][27]/D (clocked by clock). Large setup violations at the end of those stages might be difficult to fix during the post-placement implementation flow and could be the result of non-optimal XDC constraints or non-optimal design architecture
Related violations: <none>

TIMING-16#65 Warning
Large setup violation  
There is a large setup violation of -2.757 ns between SH2_CU/IR_reg[8]_replica/C (clocked by clock) and SH2_RegArray/Generic_RegArray/Registers_reg[1][28]/D (clocked by clock). Large setup violations at the end of those stages might be difficult to fix during the post-placement implementation flow and could be the result of non-optimal XDC constraints or non-optimal design architecture
Related violations: <none>

TIMING-16#66 Warning
Large setup violation  
There is a large setup violation of -2.768 ns between SH2_CU/IR_reg[8]_replica/C (clocked by clock) and SH2_RegArray/Generic_RegArray/Registers_reg[11][28]/D (clocked by clock). Large setup violations at the end of those stages might be difficult to fix during the post-placement implementation flow and could be the result of non-optimal XDC constraints or non-optimal design architecture
Related violations: <none>

TIMING-16#67 Warning
Large setup violation  
There is a large setup violation of -2.776 ns between SH2_CU/IR_reg[8]_replica/C (clocked by clock) and SH2_RegArray/Generic_RegArray/Registers_reg[3][28]/D (clocked by clock). Large setup violations at the end of those stages might be difficult to fix during the post-placement implementation flow and could be the result of non-optimal XDC constraints or non-optimal design architecture
Related violations: <none>

TIMING-16#68 Warning
Large setup violation  
There is a large setup violation of -2.786 ns between SH2_CU/IR_reg[8]_replica/C (clocked by clock) and SH2_RegArray/Generic_RegArray/Registers_reg[7][28]/D (clocked by clock). Large setup violations at the end of those stages might be difficult to fix during the post-placement implementation flow and could be the result of non-optimal XDC constraints or non-optimal design architecture
Related violations: <none>

TIMING-16#69 Warning
Large setup violation  
There is a large setup violation of -2.832 ns between SH2_CU/IR_reg[8]_replica/C (clocked by clock) and SH2_CU/TempReg_reg[28]/D (clocked by clock). Large setup violations at the end of those stages might be difficult to fix during the post-placement implementation flow and could be the result of non-optimal XDC constraints or non-optimal design architecture
Related violations: <none>

TIMING-16#70 Warning
Large setup violation  
There is a large setup violation of -2.834 ns between SH2_CU/IR_reg[8]_replica/C (clocked by clock) and SH2_RegArray/Generic_RegArray/Registers_reg[5][28]/D (clocked by clock). Large setup violations at the end of those stages might be difficult to fix during the post-placement implementation flow and could be the result of non-optimal XDC constraints or non-optimal design architecture
Related violations: <none>

TIMING-16#71 Warning
Large setup violation  
There is a large setup violation of -2.885 ns between SH2_CU/IR_reg[8]_replica/C (clocked by clock) and SH2_RegArray/Generic_RegArray/Registers_reg[9][27]/D (clocked by clock). Large setup violations at the end of those stages might be difficult to fix during the post-placement implementation flow and could be the result of non-optimal XDC constraints or non-optimal design architecture
Related violations: <none>

TIMING-16#72 Warning
Large setup violation  
There is a large setup violation of -2.930 ns between SH2_CU/IR_reg[8]_replica/C (clocked by clock) and SH2_RegArray/Generic_RegArray/Registers_reg[6][27]/D (clocked by clock). Large setup violations at the end of those stages might be difficult to fix during the post-placement implementation flow and could be the result of non-optimal XDC constraints or non-optimal design architecture
Related violations: <none>

TIMING-16#73 Warning
Large setup violation  
There is a large setup violation of -2.932 ns between SH2_CU/IR_reg[8]_replica/C (clocked by clock) and SH2_RegArray/Generic_RegArray/Registers_reg[15][28]/D (clocked by clock). Large setup violations at the end of those stages might be difficult to fix during the post-placement implementation flow and could be the result of non-optimal XDC constraints or non-optimal design architecture
Related violations: <none>

TIMING-16#74 Warning
Large setup violation  
There is a large setup violation of -2.997 ns between SH2_CU/IR_reg[8]_replica/C (clocked by clock) and SH2_CU/TempReg2_reg[29]/D (clocked by clock). Large setup violations at the end of those stages might be difficult to fix during the post-placement implementation flow and could be the result of non-optimal XDC constraints or non-optimal design architecture
Related violations: <none>

TIMING-16#75 Warning
Large setup violation  
There is a large setup violation of -2.998 ns between SH2_CU/IR_reg[8]_replica/C (clocked by clock) and SH2_RegArray/Generic_RegArray/Registers_reg[8][27]/D (clocked by clock). Large setup violations at the end of those stages might be difficult to fix during the post-placement implementation flow and could be the result of non-optimal XDC constraints or non-optimal design architecture
Related violations: <none>

TIMING-16#76 Warning
Large setup violation  
There is a large setup violation of -3.049 ns between SH2_CU/IR_reg[8]_replica/C (clocked by clock) and SH2_RegArray/Generic_RegArray/Registers_reg[14][29]/D (clocked by clock). Large setup violations at the end of those stages might be difficult to fix during the post-placement implementation flow and could be the result of non-optimal XDC constraints or non-optimal design architecture
Related violations: <none>

TIMING-16#77 Warning
Large setup violation  
There is a large setup violation of -3.091 ns between SH2_CU/IR_reg[8]_replica/C (clocked by clock) and SH2_CU/TempReg_reg[27]/D (clocked by clock). Large setup violations at the end of those stages might be difficult to fix during the post-placement implementation flow and could be the result of non-optimal XDC constraints or non-optimal design architecture
Related violations: <none>

TIMING-16#78 Warning
Large setup violation  
There is a large setup violation of -3.101 ns between SH2_CU/IR_reg[8]_replica/C (clocked by clock) and SH2_RegArray/Generic_RegArray/Registers_reg[2][27]/D (clocked by clock). Large setup violations at the end of those stages might be difficult to fix during the post-placement implementation flow and could be the result of non-optimal XDC constraints or non-optimal design architecture
Related violations: <none>

TIMING-16#79 Warning
Large setup violation  
There is a large setup violation of -3.107 ns between SH2_CU/IR_reg[8]_replica/C (clocked by clock) and SH2_RegArray/Generic_RegArray/Registers_reg[12][27]/D (clocked by clock). Large setup violations at the end of those stages might be difficult to fix during the post-placement implementation flow and could be the result of non-optimal XDC constraints or non-optimal design architecture
Related violations: <none>

TIMING-16#80 Warning
Large setup violation  
There is a large setup violation of -3.109 ns between SH2_CU/IR_reg[8]_replica/C (clocked by clock) and SH2_RegArray/Generic_RegArray/Registers_reg[1][29]/D (clocked by clock). Large setup violations at the end of those stages might be difficult to fix during the post-placement implementation flow and could be the result of non-optimal XDC constraints or non-optimal design architecture
Related violations: <none>

TIMING-16#81 Warning
Large setup violation  
There is a large setup violation of -3.119 ns between SH2_CU/IR_reg[8]_replica/C (clocked by clock) and SH2_RegArray/Generic_RegArray/Registers_reg[7][29]/D (clocked by clock). Large setup violations at the end of those stages might be difficult to fix during the post-placement implementation flow and could be the result of non-optimal XDC constraints or non-optimal design architecture
Related violations: <none>

TIMING-16#82 Warning
Large setup violation  
There is a large setup violation of -3.139 ns between SH2_CU/IR_reg[8]_replica/C (clocked by clock) and SH2_RegArray/Generic_RegArray/Registers_reg[4][27]/D (clocked by clock). Large setup violations at the end of those stages might be difficult to fix during the post-placement implementation flow and could be the result of non-optimal XDC constraints or non-optimal design architecture
Related violations: <none>

TIMING-16#83 Warning
Large setup violation  
There is a large setup violation of -3.157 ns between SH2_CU/IR_reg[8]_replica/C (clocked by clock) and SH2_RegArray/Generic_RegArray/Registers_reg[5][29]/D (clocked by clock). Large setup violations at the end of those stages might be difficult to fix during the post-placement implementation flow and could be the result of non-optimal XDC constraints or non-optimal design architecture
Related violations: <none>

TIMING-16#84 Warning
Large setup violation  
There is a large setup violation of -3.162 ns between SH2_CU/IR_reg[8]_replica/C (clocked by clock) and SH2_RegArray/Generic_RegArray/Registers_reg[13][29]/D (clocked by clock). Large setup violations at the end of those stages might be difficult to fix during the post-placement implementation flow and could be the result of non-optimal XDC constraints or non-optimal design architecture
Related violations: <none>

TIMING-16#85 Warning
Large setup violation  
There is a large setup violation of -3.258 ns between SH2_CU/IR_reg[8]_replica/C (clocked by clock) and SH2_RegArray/Generic_RegArray/Registers_reg[12][28]/D (clocked by clock). Large setup violations at the end of those stages might be difficult to fix during the post-placement implementation flow and could be the result of non-optimal XDC constraints or non-optimal design architecture
Related violations: <none>

TIMING-16#86 Warning
Large setup violation  
There is a large setup violation of -3.277 ns between SH2_CU/IR_reg[8]_replica/C (clocked by clock) and SH2_RegArray/Generic_RegArray/Registers_reg[11][29]/D (clocked by clock). Large setup violations at the end of those stages might be difficult to fix during the post-placement implementation flow and could be the result of non-optimal XDC constraints or non-optimal design architecture
Related violations: <none>

TIMING-16#87 Warning
Large setup violation  
There is a large setup violation of -3.296 ns between SH2_CU/IR_reg[8]_replica/C (clocked by clock) and SH2_RegArray/Generic_RegArray/Registers_reg[0][29]/D (clocked by clock). Large setup violations at the end of those stages might be difficult to fix during the post-placement implementation flow and could be the result of non-optimal XDC constraints or non-optimal design architecture
Related violations: <none>

TIMING-16#88 Warning
Large setup violation  
There is a large setup violation of -3.319 ns between SH2_CU/IR_reg[8]_replica/C (clocked by clock) and SH2_RegArray/Generic_RegArray/Registers_reg[3][29]/D (clocked by clock). Large setup violations at the end of those stages might be difficult to fix during the post-placement implementation flow and could be the result of non-optimal XDC constraints or non-optimal design architecture
Related violations: <none>

TIMING-16#89 Warning
Large setup violation  
There is a large setup violation of -3.337 ns between SH2_CU/IR_reg[8]_replica/C (clocked by clock) and SH2_RegArray/Generic_RegArray/Registers_reg[10][29]/D (clocked by clock). Large setup violations at the end of those stages might be difficult to fix during the post-placement implementation flow and could be the result of non-optimal XDC constraints or non-optimal design architecture
Related violations: <none>

TIMING-16#90 Warning
Large setup violation  
There is a large setup violation of -3.420 ns between SH2_CU/IR_reg[8]_replica/C (clocked by clock) and SH2_RegArray/Generic_RegArray/Registers_reg[9][28]/D (clocked by clock). Large setup violations at the end of those stages might be difficult to fix during the post-placement implementation flow and could be the result of non-optimal XDC constraints or non-optimal design architecture
Related violations: <none>

TIMING-16#91 Warning
Large setup violation  
There is a large setup violation of -3.472 ns between SH2_CU/IR_reg[8]_replica/C (clocked by clock) and SH2_CU/TempReg_reg[29]/D (clocked by clock). Large setup violations at the end of those stages might be difficult to fix during the post-placement implementation flow and could be the result of non-optimal XDC constraints or non-optimal design architecture
Related violations: <none>

TIMING-16#92 Warning
Large setup violation  
There is a large setup violation of -3.488 ns between SH2_CU/IR_reg[8]_replica/C (clocked by clock) and SH2_RegArray/Generic_RegArray/Registers_reg[14][28]/D (clocked by clock). Large setup violations at the end of those stages might be difficult to fix during the post-placement implementation flow and could be the result of non-optimal XDC constraints or non-optimal design architecture
Related violations: <none>

TIMING-16#93 Warning
Large setup violation  
There is a large setup violation of -3.582 ns between SH2_CU/IR_reg[8]_replica/C (clocked by clock) and SH2_RegArray/Generic_RegArray/Registers_reg[2][28]/D (clocked by clock). Large setup violations at the end of those stages might be difficult to fix during the post-placement implementation flow and could be the result of non-optimal XDC constraints or non-optimal design architecture
Related violations: <none>

TIMING-16#94 Warning
Large setup violation  
There is a large setup violation of -3.582 ns between SH2_CU/IR_reg[8]_replica/C (clocked by clock) and SH2_RegArray/Generic_RegArray/Registers_reg[4][28]/D (clocked by clock). Large setup violations at the end of those stages might be difficult to fix during the post-placement implementation flow and could be the result of non-optimal XDC constraints or non-optimal design architecture
Related violations: <none>

TIMING-16#95 Warning
Large setup violation  
There is a large setup violation of -3.597 ns between SH2_CU/IR_reg[8]_replica/C (clocked by clock) and SH2_RegArray/Generic_RegArray/Registers_reg[8][28]/D (clocked by clock). Large setup violations at the end of those stages might be difficult to fix during the post-placement implementation flow and could be the result of non-optimal XDC constraints or non-optimal design architecture
Related violations: <none>

TIMING-16#96 Warning
Large setup violation  
There is a large setup violation of -3.627 ns between SH2_CU/IR_reg[8]_replica/C (clocked by clock) and SH2_RegArray/Generic_RegArray/Registers_reg[6][28]/D (clocked by clock). Large setup violations at the end of those stages might be difficult to fix during the post-placement implementation flow and could be the result of non-optimal XDC constraints or non-optimal design architecture
Related violations: <none>

TIMING-16#97 Warning
Large setup violation  
There is a large setup violation of -3.782 ns between SH2_CU/IR_reg[8]_replica/C (clocked by clock) and SH2_RegArray/Generic_RegArray/Registers_reg[6][29]/D (clocked by clock). Large setup violations at the end of those stages might be difficult to fix during the post-placement implementation flow and could be the result of non-optimal XDC constraints or non-optimal design architecture
Related violations: <none>

TIMING-16#98 Warning
Large setup violation  
There is a large setup violation of -3.800 ns between SH2_CU/IR_reg[8]_replica/C (clocked by clock) and SH2_RegArray/Generic_RegArray/Registers_reg[15][29]/D (clocked by clock). Large setup violations at the end of those stages might be difficult to fix during the post-placement implementation flow and could be the result of non-optimal XDC constraints or non-optimal design architecture
Related violations: <none>

TIMING-16#99 Warning
Large setup violation  
There is a large setup violation of -3.802 ns between SH2_CU/IR_reg[8]_replica/C (clocked by clock) and SH2_RegArray/Generic_RegArray/Registers_reg[13][31]/D (clocked by clock). Large setup violations at the end of those stages might be difficult to fix during the post-placement implementation flow and could be the result of non-optimal XDC constraints or non-optimal design architecture
Related violations: <none>

TIMING-16#100 Warning
Large setup violation  
There is a large setup violation of -3.814 ns between SH2_CU/IR_reg[8]_replica/C (clocked by clock) and SH2_CU/TempReg2_reg[30]/D (clocked by clock). Large setup violations at the end of those stages might be difficult to fix during the post-placement implementation flow and could be the result of non-optimal XDC constraints or non-optimal design architecture
Related violations: <none>

TIMING-16#101 Warning
Large setup violation  
There is a large setup violation of -3.830 ns between SH2_CU/IR_reg[8]_replica/C (clocked by clock) and SH2_RegArray/Generic_RegArray/Registers_reg[14][31]/D (clocked by clock). Large setup violations at the end of those stages might be difficult to fix during the post-placement implementation flow and could be the result of non-optimal XDC constraints or non-optimal design architecture
Related violations: <none>

TIMING-16#102 Warning
Large setup violation  
There is a large setup violation of -3.848 ns between SH2_CU/IR_reg[8]_replica/C (clocked by clock) and SH2_RegArray/Generic_RegArray/Registers_reg[4][30]/D (clocked by clock). Large setup violations at the end of those stages might be difficult to fix during the post-placement implementation flow and could be the result of non-optimal XDC constraints or non-optimal design architecture
Related violations: <none>

TIMING-16#103 Warning
Large setup violation  
There is a large setup violation of -3.859 ns between SH2_CU/IR_reg[8]_replica/C (clocked by clock) and SH2_RegArray/Generic_RegArray/Registers_reg[10][30]/D (clocked by clock). Large setup violations at the end of those stages might be difficult to fix during the post-placement implementation flow and could be the result of non-optimal XDC constraints or non-optimal design architecture
Related violations: <none>

TIMING-16#104 Warning
Large setup violation  
There is a large setup violation of -3.861 ns between SH2_CU/IR_reg[8]_replica/C (clocked by clock) and SH2_RegArray/Generic_RegArray/Registers_reg[12][30]/D (clocked by clock). Large setup violations at the end of those stages might be difficult to fix during the post-placement implementation flow and could be the result of non-optimal XDC constraints or non-optimal design architecture
Related violations: <none>

TIMING-16#105 Warning
Large setup violation  
There is a large setup violation of -3.879 ns between SH2_CU/IR_reg[8]_replica/C (clocked by clock) and SH2_RegArray/Generic_RegArray/Registers_reg[0][30]/D (clocked by clock). Large setup violations at the end of those stages might be difficult to fix during the post-placement implementation flow and could be the result of non-optimal XDC constraints or non-optimal design architecture
Related violations: <none>

TIMING-16#106 Warning
Large setup violation  
There is a large setup violation of -3.895 ns between SH2_CU/IR_reg[8]_replica/C (clocked by clock) and SH2_RegArray/Generic_RegArray/Registers_reg[2][29]/D (clocked by clock). Large setup violations at the end of those stages might be difficult to fix during the post-placement implementation flow and could be the result of non-optimal XDC constraints or non-optimal design architecture
Related violations: <none>

TIMING-16#107 Warning
Large setup violation  
There is a large setup violation of -3.907 ns between SH2_CU/IR_reg[8]_replica/C (clocked by clock) and SH2_RegArray/Generic_RegArray/Registers_reg[8][29]/D (clocked by clock). Large setup violations at the end of those stages might be difficult to fix during the post-placement implementation flow and could be the result of non-optimal XDC constraints or non-optimal design architecture
Related violations: <none>

TIMING-16#108 Warning
Large setup violation  
There is a large setup violation of -3.944 ns between SH2_CU/IR_reg[8]_replica/C (clocked by clock) and SH2_CU/TempReg2_reg[31]/D (clocked by clock). Large setup violations at the end of those stages might be difficult to fix during the post-placement implementation flow and could be the result of non-optimal XDC constraints or non-optimal design architecture
Related violations: <none>

TIMING-16#109 Warning
Large setup violation  
There is a large setup violation of -3.958 ns between SH2_CU/IR_reg[8]_replica/C (clocked by clock) and SH2_RegArray/Generic_RegArray/Registers_reg[6][30]/D (clocked by clock). Large setup violations at the end of those stages might be difficult to fix during the post-placement implementation flow and could be the result of non-optimal XDC constraints or non-optimal design architecture
Related violations: <none>

TIMING-16#110 Warning
Large setup violation  
There is a large setup violation of -3.974 ns between SH2_CU/IR_reg[8]_replica/C (clocked by clock) and SH2_RegArray/Generic_RegArray/Registers_reg[8][30]/D (clocked by clock). Large setup violations at the end of those stages might be difficult to fix during the post-placement implementation flow and could be the result of non-optimal XDC constraints or non-optimal design architecture
Related violations: <none>

TIMING-16#111 Warning
Large setup violation  
There is a large setup violation of -3.985 ns between SH2_CU/IR_reg[8]_replica/C (clocked by clock) and SH2_RegArray/Generic_RegArray/Registers_reg[5][31]/D (clocked by clock). Large setup violations at the end of those stages might be difficult to fix during the post-placement implementation flow and could be the result of non-optimal XDC constraints or non-optimal design architecture
Related violations: <none>

TIMING-16#112 Warning
Large setup violation  
There is a large setup violation of -3.986 ns between SH2_CU/IR_reg[8]_replica/C (clocked by clock) and SH2_RegArray/Generic_RegArray/Registers_reg[7][31]/D (clocked by clock). Large setup violations at the end of those stages might be difficult to fix during the post-placement implementation flow and could be the result of non-optimal XDC constraints or non-optimal design architecture
Related violations: <none>

TIMING-16#113 Warning
Large setup violation  
There is a large setup violation of -4.001 ns between SH2_CU/IR_reg[8]_replica/C (clocked by clock) and SH2_RegArray/Generic_RegArray/Registers_reg[2][30]/D (clocked by clock). Large setup violations at the end of those stages might be difficult to fix during the post-placement implementation flow and could be the result of non-optimal XDC constraints or non-optimal design architecture
Related violations: <none>

TIMING-16#114 Warning
Large setup violation  
There is a large setup violation of -4.011 ns between SH2_CU/IR_reg[8]_replica/C (clocked by clock) and SH2_RegArray/Generic_RegArray/Registers_reg[9][29]/D (clocked by clock). Large setup violations at the end of those stages might be difficult to fix during the post-placement implementation flow and could be the result of non-optimal XDC constraints or non-optimal design architecture
Related violations: <none>

TIMING-16#115 Warning
Large setup violation  
There is a large setup violation of -4.031 ns between SH2_CU/IR_reg[8]_replica/C (clocked by clock) and SH2_RegArray/Generic_RegArray/Registers_reg[15][31]/D (clocked by clock). Large setup violations at the end of those stages might be difficult to fix during the post-placement implementation flow and could be the result of non-optimal XDC constraints or non-optimal design architecture
Related violations: <none>

TIMING-16#116 Warning
Large setup violation  
There is a large setup violation of -4.084 ns between SH2_CU/IR_reg[8]_replica/C (clocked by clock) and SH2_RegArray/Generic_RegArray/Registers_reg[12][29]/D (clocked by clock). Large setup violations at the end of those stages might be difficult to fix during the post-placement implementation flow and could be the result of non-optimal XDC constraints or non-optimal design architecture
Related violations: <none>

TIMING-16#117 Warning
Large setup violation  
There is a large setup violation of -4.109 ns between SH2_CU/IR_reg[8]_replica/C (clocked by clock) and SH2_RegArray/Generic_RegArray/Registers_reg[4][29]/D (clocked by clock). Large setup violations at the end of those stages might be difficult to fix during the post-placement implementation flow and could be the result of non-optimal XDC constraints or non-optimal design architecture
Related violations: <none>

TIMING-16#118 Warning
Large setup violation  
There is a large setup violation of -4.111 ns between SH2_CU/IR_reg[8]_replica/C (clocked by clock) and SH2_RegArray/Generic_RegArray/Registers_reg[0][31]/D (clocked by clock). Large setup violations at the end of those stages might be difficult to fix during the post-placement implementation flow and could be the result of non-optimal XDC constraints or non-optimal design architecture
Related violations: <none>

TIMING-16#119 Warning
Large setup violation  
There is a large setup violation of -4.120 ns between SH2_CU/IR_reg[8]_replica/C (clocked by clock) and SH2_RegArray/Generic_RegArray/Registers_reg[15][30]/D (clocked by clock). Large setup violations at the end of those stages might be difficult to fix during the post-placement implementation flow and could be the result of non-optimal XDC constraints or non-optimal design architecture
Related violations: <none>

TIMING-16#120 Warning
Large setup violation  
There is a large setup violation of -4.123 ns between SH2_CU/IR_reg[8]_replica/C (clocked by clock) and SH2_RegArray/Generic_RegArray/Registers_reg[4][31]/D (clocked by clock). Large setup violations at the end of those stages might be difficult to fix during the post-placement implementation flow and could be the result of non-optimal XDC constraints or non-optimal design architecture
Related violations: <none>

TIMING-16#121 Warning
Large setup violation  
There is a large setup violation of -4.129 ns between SH2_CU/IR_reg[8]_replica/C (clocked by clock) and SH2_RegArray/Generic_RegArray/Registers_reg[8][31]/D (clocked by clock). Large setup violations at the end of those stages might be difficult to fix during the post-placement implementation flow and could be the result of non-optimal XDC constraints or non-optimal design architecture
Related violations: <none>

TIMING-16#122 Warning
Large setup violation  
There is a large setup violation of -4.135 ns between SH2_CU/IR_reg[8]_replica/C (clocked by clock) and SH2_RegArray/Generic_RegArray/Registers_reg[9][31]/D (clocked by clock). Large setup violations at the end of those stages might be difficult to fix during the post-placement implementation flow and could be the result of non-optimal XDC constraints or non-optimal design architecture
Related violations: <none>

TIMING-16#123 Warning
Large setup violation  
There is a large setup violation of -4.149 ns between SH2_CU/IR_reg[8]_replica/C (clocked by clock) and SH2_RegArray/Generic_RegArray/Registers_reg[6][31]/D (clocked by clock). Large setup violations at the end of those stages might be difficult to fix during the post-placement implementation flow and could be the result of non-optimal XDC constraints or non-optimal design architecture
Related violations: <none>

TIMING-16#124 Warning
Large setup violation  
There is a large setup violation of -4.155 ns between SH2_CU/IR_reg[8]_replica/C (clocked by clock) and SH2_RegArray/Generic_RegArray/Registers_reg[3][31]/D (clocked by clock). Large setup violations at the end of those stages might be difficult to fix during the post-placement implementation flow and could be the result of non-optimal XDC constraints or non-optimal design architecture
Related violations: <none>

TIMING-16#125 Warning
Large setup violation  
There is a large setup violation of -4.157 ns between SH2_CU/IR_reg[8]_replica/C (clocked by clock) and SH2_RegArray/Generic_RegArray/Registers_reg[1][31]/D (clocked by clock). Large setup violations at the end of those stages might be difficult to fix during the post-placement implementation flow and could be the result of non-optimal XDC constraints or non-optimal design architecture
Related violations: <none>

TIMING-16#126 Warning
Large setup violation  
There is a large setup violation of -4.158 ns between SH2_CU/IR_reg[8]_replica/C (clocked by clock) and SH2_RegArray/Generic_RegArray/Registers_reg[2][31]/D (clocked by clock). Large setup violations at the end of those stages might be difficult to fix during the post-placement implementation flow and could be the result of non-optimal XDC constraints or non-optimal design architecture
Related violations: <none>

TIMING-16#127 Warning
Large setup violation  
There is a large setup violation of -4.170 ns between SH2_CU/IR_reg[8]_replica/C (clocked by clock) and SH2_CU/TempReg_reg[30]/D (clocked by clock). Large setup violations at the end of those stages might be difficult to fix during the post-placement implementation flow and could be the result of non-optimal XDC constraints or non-optimal design architecture
Related violations: <none>

TIMING-16#128 Warning
Large setup violation  
There is a large setup violation of -4.171 ns between SH2_CU/IR_reg[8]_replica/C (clocked by clock) and SH2_RegArray/Generic_RegArray/Registers_reg[10][31]/D (clocked by clock). Large setup violations at the end of those stages might be difficult to fix during the post-placement implementation flow and could be the result of non-optimal XDC constraints or non-optimal design architecture
Related violations: <none>

TIMING-16#129 Warning
Large setup violation  
There is a large setup violation of -4.177 ns between SH2_CU/IR_reg[8]_replica/C (clocked by clock) and SH2_RegArray/Generic_RegArray/Registers_reg[11][31]/D (clocked by clock). Large setup violations at the end of those stages might be difficult to fix during the post-placement implementation flow and could be the result of non-optimal XDC constraints or non-optimal design architecture
Related violations: <none>

TIMING-16#130 Warning
Large setup violation  
There is a large setup violation of -4.186 ns between SH2_CU/IR_reg[8]_replica/C (clocked by clock) and SH2_RegArray/Generic_RegArray/Registers_reg[12][31]/D (clocked by clock). Large setup violations at the end of those stages might be difficult to fix during the post-placement implementation flow and could be the result of non-optimal XDC constraints or non-optimal design architecture
Related violations: <none>

TIMING-16#131 Warning
Large setup violation  
There is a large setup violation of -4.251 ns between SH2_CU/IR_reg[8]_replica/C (clocked by clock) and SH2_RegArray/Generic_RegArray/Registers_reg[14][30]/D (clocked by clock). Large setup violations at the end of those stages might be difficult to fix during the post-placement implementation flow and could be the result of non-optimal XDC constraints or non-optimal design architecture
Related violations: <none>

TIMING-16#132 Warning
Large setup violation  
There is a large setup violation of -4.490 ns between SH2_CU/IR_reg[8]_replica/C (clocked by clock) and SH2_RegArray/Generic_RegArray/Registers_reg[13][30]/D (clocked by clock). Large setup violations at the end of those stages might be difficult to fix during the post-placement implementation flow and could be the result of non-optimal XDC constraints or non-optimal design architecture
Related violations: <none>

TIMING-16#133 Warning
Large setup violation  
There is a large setup violation of -4.620 ns between SH2_CU/IR_reg[8]_replica/C (clocked by clock) and SH2_CU/TempReg_reg[31]/D (clocked by clock). Large setup violations at the end of those stages might be difficult to fix during the post-placement implementation flow and could be the result of non-optimal XDC constraints or non-optimal design architecture
Related violations: <none>

TIMING-16#134 Warning
Large setup violation  
There is a large setup violation of -4.656 ns between SH2_CU/IR_reg[8]_replica/C (clocked by clock) and SH2_RegArray/Generic_RegArray/Registers_reg[1][30]/D (clocked by clock). Large setup violations at the end of those stages might be difficult to fix during the post-placement implementation flow and could be the result of non-optimal XDC constraints or non-optimal design architecture
Related violations: <none>

TIMING-16#135 Warning
Large setup violation  
There is a large setup violation of -4.683 ns between SH2_CU/IR_reg[8]_replica/C (clocked by clock) and SH2_RegArray/Generic_RegArray/Registers_reg[5][30]/D (clocked by clock). Large setup violations at the end of those stages might be difficult to fix during the post-placement implementation flow and could be the result of non-optimal XDC constraints or non-optimal design architecture
Related violations: <none>

TIMING-16#136 Warning
Large setup violation  
There is a large setup violation of -4.747 ns between SH2_CU/IR_reg[8]_replica/C (clocked by clock) and SH2_RegArray/Generic_RegArray/Registers_reg[11][30]/D (clocked by clock). Large setup violations at the end of those stages might be difficult to fix during the post-placement implementation flow and could be the result of non-optimal XDC constraints or non-optimal design architecture
Related violations: <none>

TIMING-16#137 Warning
Large setup violation  
There is a large setup violation of -4.757 ns between SH2_CU/IR_reg[8]_replica/C (clocked by clock) and SH2_RegArray/Generic_RegArray/Registers_reg[3][30]/D (clocked by clock). Large setup violations at the end of those stages might be difficult to fix during the post-placement implementation flow and could be the result of non-optimal XDC constraints or non-optimal design architecture
Related violations: <none>

TIMING-16#138 Warning
Large setup violation  
There is a large setup violation of -4.802 ns between SH2_CU/IR_reg[8]_replica/C (clocked by clock) and SH2_RegArray/Generic_RegArray/Registers_reg[7][30]/D (clocked by clock). Large setup violations at the end of those stages might be difficult to fix during the post-placement implementation flow and could be the result of non-optimal XDC constraints or non-optimal design architecture
Related violations: <none>

TIMING-16#139 Warning
Large setup violation  
There is a large setup violation of -4.829 ns between SH2_CU/IR_reg[8]_replica/C (clocked by clock) and SH2_RegArray/Generic_RegArray/Registers_reg[9][30]/D (clocked by clock). Large setup violations at the end of those stages might be difficult to fix during the post-placement implementation flow and could be the result of non-optimal XDC constraints or non-optimal design architecture
Related violations: <none>

TIMING-16#140 Warning
Large setup violation  
There is a large setup violation of -5.752 ns between SH2_CU/IR_reg[8]_replica/C (clocked by clock) and SH2_CU/SR_reg[0]/D (clocked by clock). Large setup violations at the end of those stages might be difficult to fix during the post-placement implementation flow and could be the result of non-optimal XDC constraints or non-optimal design architecture
Related violations: <none>

TIMING-16#141 Warning
Large setup violation  
There is a large setup violation of -8.372 ns between SH2_CU/IR_reg[8]_replica/C (clocked by clock) and SH2_DTU/RE1_reg/D (clocked by clock). Large setup violations at the end of those stages might be difficult to fix during the post-placement implementation flow and could be the result of non-optimal XDC constraints or non-optimal design architecture
Related violations: <none>

TIMING-16#142 Warning
Large setup violation  
There is a large setup violation of -8.467 ns between SH2_CU/IR_reg[8]_replica/C (clocked by clock) and SH2_DTU/WE2_reg/D (clocked by clock). Large setup violations at the end of those stages might be difficult to fix during the post-placement implementation flow and could be the result of non-optimal XDC constraints or non-optimal design architecture
Related violations: <none>

TIMING-16#143 Warning
Large setup violation  
There is a large setup violation of -8.560 ns between SH2_CU/IR_reg[8]_replica/C (clocked by clock) and SH2_DTU/WE3_reg/D (clocked by clock). Large setup violations at the end of those stages might be difficult to fix during the post-placement implementation flow and could be the result of non-optimal XDC constraints or non-optimal design architecture
Related violations: <none>

TIMING-16#144 Warning
Large setup violation  
There is a large setup violation of -8.701 ns between SH2_CU/IR_reg[8]_replica/C (clocked by clock) and SH2_DTU/RE2_reg/D (clocked by clock). Large setup violations at the end of those stages might be difficult to fix during the post-placement implementation flow and could be the result of non-optimal XDC constraints or non-optimal design architecture
Related violations: <none>

TIMING-16#145 Warning
Large setup violation  
There is a large setup violation of -8.706 ns between SH2_CU/IR_reg[8]_replica/C (clocked by clock) and SH2_DTU/RE3_reg/D (clocked by clock). Large setup violations at the end of those stages might be difficult to fix during the post-placement implementation flow and could be the result of non-optimal XDC constraints or non-optimal design architecture
Related violations: <none>

TIMING-16#146 Warning
Large setup violation  
There is a large setup violation of -8.712 ns between SH2_CU/IR_reg[8]_replica/C (clocked by clock) and SH2_DTU/WE1_reg/D (clocked by clock). Large setup violations at the end of those stages might be difficult to fix during the post-placement implementation flow and could be the result of non-optimal XDC constraints or non-optimal design architecture
Related violations: <none>

TIMING-16#147 Warning
Large setup violation  
There is a large setup violation of -8.761 ns between SH2_CU/IR_reg[8]_replica/C (clocked by clock) and SH2_DTU/WE0_reg/D (clocked by clock). Large setup violations at the end of those stages might be difficult to fix during the post-placement implementation flow and could be the result of non-optimal XDC constraints or non-optimal design architecture
Related violations: <none>

TIMING-16#148 Warning
Large setup violation  
There is a large setup violation of -8.766 ns between SH2_CU/IR_reg[8]_replica/C (clocked by clock) and SH2_DTU/RE0_reg/D (clocked by clock). Large setup violations at the end of those stages might be difficult to fix during the post-placement implementation flow and could be the result of non-optimal XDC constraints or non-optimal design architecture
Related violations: <none>

TIMING-18#1 Warning
Missing input or output delay  
An input delay is missing on DB[0] relative to the rising and/or falling clock edge(s) of clock.
Related violations: <none>

TIMING-18#2 Warning
Missing input or output delay  
An input delay is missing on DB[10] relative to the rising and/or falling clock edge(s) of clock.
Related violations: <none>

TIMING-18#3 Warning
Missing input or output delay  
An input delay is missing on DB[11] relative to the rising and/or falling clock edge(s) of clock.
Related violations: <none>

TIMING-18#4 Warning
Missing input or output delay  
An input delay is missing on DB[12] relative to the rising and/or falling clock edge(s) of clock.
Related violations: <none>

TIMING-18#5 Warning
Missing input or output delay  
An input delay is missing on DB[13] relative to the rising and/or falling clock edge(s) of clock.
Related violations: <none>

TIMING-18#6 Warning
Missing input or output delay  
An input delay is missing on DB[14] relative to the rising and/or falling clock edge(s) of clock.
Related violations: <none>

TIMING-18#7 Warning
Missing input or output delay  
An input delay is missing on DB[15] relative to the rising and/or falling clock edge(s) of clock.
Related violations: <none>

TIMING-18#8 Warning
Missing input or output delay  
An input delay is missing on DB[16] relative to the rising and/or falling clock edge(s) of clock.
Related violations: <none>

TIMING-18#9 Warning
Missing input or output delay  
An input delay is missing on DB[17] relative to the rising and/or falling clock edge(s) of clock.
Related violations: <none>

TIMING-18#10 Warning
Missing input or output delay  
An input delay is missing on DB[18] relative to the rising and/or falling clock edge(s) of clock.
Related violations: <none>

TIMING-18#11 Warning
Missing input or output delay  
An input delay is missing on DB[19] relative to the rising and/or falling clock edge(s) of clock.
Related violations: <none>

TIMING-18#12 Warning
Missing input or output delay  
An input delay is missing on DB[1] relative to the rising and/or falling clock edge(s) of clock.
Related violations: <none>

TIMING-18#13 Warning
Missing input or output delay  
An input delay is missing on DB[20] relative to the rising and/or falling clock edge(s) of clock.
Related violations: <none>

TIMING-18#14 Warning
Missing input or output delay  
An input delay is missing on DB[21] relative to the rising and/or falling clock edge(s) of clock.
Related violations: <none>

TIMING-18#15 Warning
Missing input or output delay  
An input delay is missing on DB[22] relative to the rising and/or falling clock edge(s) of clock.
Related violations: <none>

TIMING-18#16 Warning
Missing input or output delay  
An input delay is missing on DB[23] relative to the rising and/or falling clock edge(s) of clock.
Related violations: <none>

TIMING-18#17 Warning
Missing input or output delay  
An input delay is missing on DB[24] relative to the rising and/or falling clock edge(s) of clock.
Related violations: <none>

TIMING-18#18 Warning
Missing input or output delay  
An input delay is missing on DB[25] relative to the rising and/or falling clock edge(s) of clock.
Related violations: <none>

TIMING-18#19 Warning
Missing input or output delay  
An input delay is missing on DB[26] relative to the rising and/or falling clock edge(s) of clock.
Related violations: <none>

TIMING-18#20 Warning
Missing input or output delay  
An input delay is missing on DB[27] relative to the rising and/or falling clock edge(s) of clock.
Related violations: <none>

TIMING-18#21 Warning
Missing input or output delay  
An input delay is missing on DB[28] relative to the rising and/or falling clock edge(s) of clock.
Related violations: <none>

TIMING-18#22 Warning
Missing input or output delay  
An input delay is missing on DB[29] relative to the rising and/or falling clock edge(s) of clock.
Related violations: <none>

TIMING-18#23 Warning
Missing input or output delay  
An input delay is missing on DB[2] relative to the rising and/or falling clock edge(s) of clock.
Related violations: <none>

TIMING-18#24 Warning
Missing input or output delay  
An input delay is missing on DB[30] relative to the rising and/or falling clock edge(s) of clock.
Related violations: <none>

TIMING-18#25 Warning
Missing input or output delay  
An input delay is missing on DB[31] relative to the rising and/or falling clock edge(s) of clock.
Related violations: <none>

TIMING-18#26 Warning
Missing input or output delay  
An input delay is missing on DB[3] relative to the rising and/or falling clock edge(s) of clock.
Related violations: <none>

TIMING-18#27 Warning
Missing input or output delay  
An input delay is missing on DB[4] relative to the rising and/or falling clock edge(s) of clock.
Related violations: <none>

TIMING-18#28 Warning
Missing input or output delay  
An input delay is missing on DB[5] relative to the rising and/or falling clock edge(s) of clock.
Related violations: <none>

TIMING-18#29 Warning
Missing input or output delay  
An input delay is missing on DB[6] relative to the rising and/or falling clock edge(s) of clock.
Related violations: <none>

TIMING-18#30 Warning
Missing input or output delay  
An input delay is missing on DB[7] relative to the rising and/or falling clock edge(s) of clock.
Related violations: <none>

TIMING-18#31 Warning
Missing input or output delay  
An input delay is missing on DB[8] relative to the rising and/or falling clock edge(s) of clock.
Related violations: <none>

TIMING-18#32 Warning
Missing input or output delay  
An input delay is missing on DB[9] relative to the rising and/or falling clock edge(s) of clock.
Related violations: <none>

TIMING-18#33 Warning
Missing input or output delay  
An input delay is missing on Reset relative to the rising and/or falling clock edge(s) of clock.
Related violations: <none>

TIMING-18#34 Warning
Missing input or output delay  
An output delay is missing on AB[0] relative to the rising and/or falling clock edge(s) of clock.
Related violations: <none>

TIMING-18#35 Warning
Missing input or output delay  
An output delay is missing on AB[10] relative to the rising and/or falling clock edge(s) of clock.
Related violations: <none>

TIMING-18#36 Warning
Missing input or output delay  
An output delay is missing on AB[11] relative to the rising and/or falling clock edge(s) of clock.
Related violations: <none>

TIMING-18#37 Warning
Missing input or output delay  
An output delay is missing on AB[12] relative to the rising and/or falling clock edge(s) of clock.
Related violations: <none>

TIMING-18#38 Warning
Missing input or output delay  
An output delay is missing on AB[13] relative to the rising and/or falling clock edge(s) of clock.
Related violations: <none>

TIMING-18#39 Warning
Missing input or output delay  
An output delay is missing on AB[14] relative to the rising and/or falling clock edge(s) of clock.
Related violations: <none>

TIMING-18#40 Warning
Missing input or output delay  
An output delay is missing on AB[15] relative to the rising and/or falling clock edge(s) of clock.
Related violations: <none>

TIMING-18#41 Warning
Missing input or output delay  
An output delay is missing on AB[16] relative to the rising and/or falling clock edge(s) of clock.
Related violations: <none>

TIMING-18#42 Warning
Missing input or output delay  
An output delay is missing on AB[17] relative to the rising and/or falling clock edge(s) of clock.
Related violations: <none>

TIMING-18#43 Warning
Missing input or output delay  
An output delay is missing on AB[18] relative to the rising and/or falling clock edge(s) of clock.
Related violations: <none>

TIMING-18#44 Warning
Missing input or output delay  
An output delay is missing on AB[19] relative to the rising and/or falling clock edge(s) of clock.
Related violations: <none>

TIMING-18#45 Warning
Missing input or output delay  
An output delay is missing on AB[1] relative to the rising and/or falling clock edge(s) of clock.
Related violations: <none>

TIMING-18#46 Warning
Missing input or output delay  
An output delay is missing on AB[20] relative to the rising and/or falling clock edge(s) of clock.
Related violations: <none>

TIMING-18#47 Warning
Missing input or output delay  
An output delay is missing on AB[21] relative to the rising and/or falling clock edge(s) of clock.
Related violations: <none>

TIMING-18#48 Warning
Missing input or output delay  
An output delay is missing on AB[22] relative to the rising and/or falling clock edge(s) of clock.
Related violations: <none>

TIMING-18#49 Warning
Missing input or output delay  
An output delay is missing on AB[23] relative to the rising and/or falling clock edge(s) of clock.
Related violations: <none>

TIMING-18#50 Warning
Missing input or output delay  
An output delay is missing on AB[24] relative to the rising and/or falling clock edge(s) of clock.
Related violations: <none>

TIMING-18#51 Warning
Missing input or output delay  
An output delay is missing on AB[25] relative to the rising and/or falling clock edge(s) of clock.
Related violations: <none>

TIMING-18#52 Warning
Missing input or output delay  
An output delay is missing on AB[26] relative to the rising and/or falling clock edge(s) of clock.
Related violations: <none>

TIMING-18#53 Warning
Missing input or output delay  
An output delay is missing on AB[27] relative to the rising and/or falling clock edge(s) of clock.
Related violations: <none>

TIMING-18#54 Warning
Missing input or output delay  
An output delay is missing on AB[28] relative to the rising and/or falling clock edge(s) of clock.
Related violations: <none>

TIMING-18#55 Warning
Missing input or output delay  
An output delay is missing on AB[29] relative to the rising and/or falling clock edge(s) of clock.
Related violations: <none>

TIMING-18#56 Warning
Missing input or output delay  
An output delay is missing on AB[2] relative to the rising and/or falling clock edge(s) of clock.
Related violations: <none>

TIMING-18#57 Warning
Missing input or output delay  
An output delay is missing on AB[30] relative to the rising and/or falling clock edge(s) of clock.
Related violations: <none>

TIMING-18#58 Warning
Missing input or output delay  
An output delay is missing on AB[31] relative to the rising and/or falling clock edge(s) of clock.
Related violations: <none>

TIMING-18#59 Warning
Missing input or output delay  
An output delay is missing on AB[3] relative to the rising and/or falling clock edge(s) of clock.
Related violations: <none>

TIMING-18#60 Warning
Missing input or output delay  
An output delay is missing on AB[4] relative to the rising and/or falling clock edge(s) of clock.
Related violations: <none>

TIMING-18#61 Warning
Missing input or output delay  
An output delay is missing on AB[5] relative to the rising and/or falling clock edge(s) of clock.
Related violations: <none>

TIMING-18#62 Warning
Missing input or output delay  
An output delay is missing on AB[6] relative to the rising and/or falling clock edge(s) of clock.
Related violations: <none>

TIMING-18#63 Warning
Missing input or output delay  
An output delay is missing on AB[7] relative to the rising and/or falling clock edge(s) of clock.
Related violations: <none>

TIMING-18#64 Warning
Missing input or output delay  
An output delay is missing on AB[8] relative to the rising and/or falling clock edge(s) of clock.
Related violations: <none>

TIMING-18#65 Warning
Missing input or output delay  
An output delay is missing on AB[9] relative to the rising and/or falling clock edge(s) of clock.
Related violations: <none>

TIMING-18#66 Warning
Missing input or output delay  
An output delay is missing on DB[0] relative to the rising and/or falling clock edge(s) of clock.
Related violations: <none>

TIMING-18#67 Warning
Missing input or output delay  
An output delay is missing on DB[10] relative to the rising and/or falling clock edge(s) of clock.
Related violations: <none>

TIMING-18#68 Warning
Missing input or output delay  
An output delay is missing on DB[11] relative to the rising and/or falling clock edge(s) of clock.
Related violations: <none>

TIMING-18#69 Warning
Missing input or output delay  
An output delay is missing on DB[12] relative to the rising and/or falling clock edge(s) of clock.
Related violations: <none>

TIMING-18#70 Warning
Missing input or output delay  
An output delay is missing on DB[13] relative to the rising and/or falling clock edge(s) of clock.
Related violations: <none>

TIMING-18#71 Warning
Missing input or output delay  
An output delay is missing on DB[14] relative to the rising and/or falling clock edge(s) of clock.
Related violations: <none>

TIMING-18#72 Warning
Missing input or output delay  
An output delay is missing on DB[15] relative to the rising and/or falling clock edge(s) of clock.
Related violations: <none>

TIMING-18#73 Warning
Missing input or output delay  
An output delay is missing on DB[16] relative to the rising and/or falling clock edge(s) of clock.
Related violations: <none>

TIMING-18#74 Warning
Missing input or output delay  
An output delay is missing on DB[17] relative to the rising and/or falling clock edge(s) of clock.
Related violations: <none>

TIMING-18#75 Warning
Missing input or output delay  
An output delay is missing on DB[18] relative to the rising and/or falling clock edge(s) of clock.
Related violations: <none>

TIMING-18#76 Warning
Missing input or output delay  
An output delay is missing on DB[19] relative to the rising and/or falling clock edge(s) of clock.
Related violations: <none>

TIMING-18#77 Warning
Missing input or output delay  
An output delay is missing on DB[1] relative to the rising and/or falling clock edge(s) of clock.
Related violations: <none>

TIMING-18#78 Warning
Missing input or output delay  
An output delay is missing on DB[20] relative to the rising and/or falling clock edge(s) of clock.
Related violations: <none>

TIMING-18#79 Warning
Missing input or output delay  
An output delay is missing on DB[21] relative to the rising and/or falling clock edge(s) of clock.
Related violations: <none>

TIMING-18#80 Warning
Missing input or output delay  
An output delay is missing on DB[22] relative to the rising and/or falling clock edge(s) of clock.
Related violations: <none>

TIMING-18#81 Warning
Missing input or output delay  
An output delay is missing on DB[23] relative to the rising and/or falling clock edge(s) of clock.
Related violations: <none>

TIMING-18#82 Warning
Missing input or output delay  
An output delay is missing on DB[24] relative to the rising and/or falling clock edge(s) of clock.
Related violations: <none>

TIMING-18#83 Warning
Missing input or output delay  
An output delay is missing on DB[25] relative to the rising and/or falling clock edge(s) of clock.
Related violations: <none>

TIMING-18#84 Warning
Missing input or output delay  
An output delay is missing on DB[26] relative to the rising and/or falling clock edge(s) of clock.
Related violations: <none>

TIMING-18#85 Warning
Missing input or output delay  
An output delay is missing on DB[27] relative to the rising and/or falling clock edge(s) of clock.
Related violations: <none>

TIMING-18#86 Warning
Missing input or output delay  
An output delay is missing on DB[28] relative to the rising and/or falling clock edge(s) of clock.
Related violations: <none>

TIMING-18#87 Warning
Missing input or output delay  
An output delay is missing on DB[29] relative to the rising and/or falling clock edge(s) of clock.
Related violations: <none>

TIMING-18#88 Warning
Missing input or output delay  
An output delay is missing on DB[2] relative to the rising and/or falling clock edge(s) of clock.
Related violations: <none>

TIMING-18#89 Warning
Missing input or output delay  
An output delay is missing on DB[30] relative to the rising and/or falling clock edge(s) of clock.
Related violations: <none>

TIMING-18#90 Warning
Missing input or output delay  
An output delay is missing on DB[31] relative to the rising and/or falling clock edge(s) of clock.
Related violations: <none>

TIMING-18#91 Warning
Missing input or output delay  
An output delay is missing on DB[3] relative to the rising and/or falling clock edge(s) of clock.
Related violations: <none>

TIMING-18#92 Warning
Missing input or output delay  
An output delay is missing on DB[4] relative to the rising and/or falling clock edge(s) of clock.
Related violations: <none>

TIMING-18#93 Warning
Missing input or output delay  
An output delay is missing on DB[5] relative to the rising and/or falling clock edge(s) of clock.
Related violations: <none>

TIMING-18#94 Warning
Missing input or output delay  
An output delay is missing on DB[6] relative to the rising and/or falling clock edge(s) of clock.
Related violations: <none>

TIMING-18#95 Warning
Missing input or output delay  
An output delay is missing on DB[7] relative to the rising and/or falling clock edge(s) of clock.
Related violations: <none>

TIMING-18#96 Warning
Missing input or output delay  
An output delay is missing on DB[8] relative to the rising and/or falling clock edge(s) of clock.
Related violations: <none>

TIMING-18#97 Warning
Missing input or output delay  
An output delay is missing on DB[9] relative to the rising and/or falling clock edge(s) of clock.
Related violations: <none>

TIMING-18#98 Warning
Missing input or output delay  
An output delay is missing on RE0 relative to the rising and/or falling clock edge(s) of clock.
Related violations: <none>

TIMING-18#99 Warning
Missing input or output delay  
An output delay is missing on RE1 relative to the rising and/or falling clock edge(s) of clock.
Related violations: <none>

TIMING-18#100 Warning
Missing input or output delay  
An output delay is missing on RE2 relative to the rising and/or falling clock edge(s) of clock.
Related violations: <none>

TIMING-18#101 Warning
Missing input or output delay  
An output delay is missing on RE3 relative to the rising and/or falling clock edge(s) of clock.
Related violations: <none>

TIMING-18#102 Warning
Missing input or output delay  
An output delay is missing on WE0 relative to the rising and/or falling clock edge(s) of clock.
Related violations: <none>

TIMING-18#103 Warning
Missing input or output delay  
An output delay is missing on WE1 relative to the rising and/or falling clock edge(s) of clock.
Related violations: <none>

TIMING-18#104 Warning
Missing input or output delay  
An output delay is missing on WE2 relative to the rising and/or falling clock edge(s) of clock.
Related violations: <none>

TIMING-18#105 Warning
Missing input or output delay  
An output delay is missing on WE3 relative to the rising and/or falling clock edge(s) of clock.
Related violations: <none>


